**************************************************
Report         : passing_points

Reference      : Ref:/WORK/debouncer_2_sync
Implementation : Imp:/WORK/debouncer_2_sync
Version        : L-2016.03-SP1
Date           : Thu Aug 24 22:42:41 2023
**************************************************

104 Passing compare points:

  Ref  DFF        Ref:/WORK/debouncer_2_sync/debouncer_DUT/Q_reg_reg[0]
  Impl DFF        Imp:/WORK/debouncer_2_sync/debouncer_DUT/Q_reg_reg[0]

  Ref  DFF        Ref:/WORK/debouncer_2_sync/debouncer_DUT/Q_reg_reg[10]
  Impl DFF        Imp:/WORK/debouncer_2_sync/debouncer_DUT/Q_reg_reg[10]

  Ref  DFF        Ref:/WORK/debouncer_2_sync/debouncer_DUT/Q_reg_reg[11]
  Impl DFF        Imp:/WORK/debouncer_2_sync/debouncer_DUT/Q_reg_reg[11]

  Ref  DFF        Ref:/WORK/debouncer_2_sync/debouncer_DUT/Q_reg_reg[12]
  Impl DFF        Imp:/WORK/debouncer_2_sync/debouncer_DUT/Q_reg_reg[12]

  Ref  DFF        Ref:/WORK/debouncer_2_sync/debouncer_DUT/Q_reg_reg[13]
  Impl DFF        Imp:/WORK/debouncer_2_sync/debouncer_DUT/Q_reg_reg[13]

  Ref  DFF        Ref:/WORK/debouncer_2_sync/debouncer_DUT/Q_reg_reg[14]
  Impl DFF        Imp:/WORK/debouncer_2_sync/debouncer_DUT/Q_reg_reg[14]

  Ref  DFF        Ref:/WORK/debouncer_2_sync/debouncer_DUT/Q_reg_reg[15]
  Impl DFF        Imp:/WORK/debouncer_2_sync/debouncer_DUT/Q_reg_reg[15]

  Ref  DFF        Ref:/WORK/debouncer_2_sync/debouncer_DUT/Q_reg_reg[16]
  Impl DFF        Imp:/WORK/debouncer_2_sync/debouncer_DUT/Q_reg_reg[16]

  Ref  DFF        Ref:/WORK/debouncer_2_sync/debouncer_DUT/Q_reg_reg[17]
  Impl DFF        Imp:/WORK/debouncer_2_sync/debouncer_DUT/Q_reg_reg[17]

  Ref  DFF        Ref:/WORK/debouncer_2_sync/debouncer_DUT/Q_reg_reg[18]
  Impl DFF        Imp:/WORK/debouncer_2_sync/debouncer_DUT/Q_reg_reg[18]

  Ref  DFF        Ref:/WORK/debouncer_2_sync/debouncer_DUT/Q_reg_reg[19]
  Impl DFF        Imp:/WORK/debouncer_2_sync/debouncer_DUT/Q_reg_reg[19]

  Ref  DFF        Ref:/WORK/debouncer_2_sync/debouncer_DUT/Q_reg_reg[1]
  Impl DFF        Imp:/WORK/debouncer_2_sync/debouncer_DUT/Q_reg_reg[1]

  Ref  DFF        Ref:/WORK/debouncer_2_sync/debouncer_DUT/Q_reg_reg[20]
  Impl DFF        Imp:/WORK/debouncer_2_sync/debouncer_DUT/Q_reg_reg[20]

  Ref  DFF        Ref:/WORK/debouncer_2_sync/debouncer_DUT/Q_reg_reg[21]
  Impl DFF        Imp:/WORK/debouncer_2_sync/debouncer_DUT/Q_reg_reg[21]

  Ref  DFF        Ref:/WORK/debouncer_2_sync/debouncer_DUT/Q_reg_reg[22]
  Impl DFF        Imp:/WORK/debouncer_2_sync/debouncer_DUT/Q_reg_reg[22]

  Ref  DFF        Ref:/WORK/debouncer_2_sync/debouncer_DUT/Q_reg_reg[23]
  Impl DFF        Imp:/WORK/debouncer_2_sync/debouncer_DUT/Q_reg_reg[23]

  Ref  DFF        Ref:/WORK/debouncer_2_sync/debouncer_DUT/Q_reg_reg[24]
  Impl DFF        Imp:/WORK/debouncer_2_sync/debouncer_DUT/Q_reg_reg[24]

  Ref  DFF        Ref:/WORK/debouncer_2_sync/debouncer_DUT/Q_reg_reg[25]
  Impl DFF        Imp:/WORK/debouncer_2_sync/debouncer_DUT/Q_reg_reg[25]

  Ref  DFF        Ref:/WORK/debouncer_2_sync/debouncer_DUT/Q_reg_reg[26]
  Impl DFF        Imp:/WORK/debouncer_2_sync/debouncer_DUT/Q_reg_reg[26]

  Ref  DFF        Ref:/WORK/debouncer_2_sync/debouncer_DUT/Q_reg_reg[27]
  Impl DFF        Imp:/WORK/debouncer_2_sync/debouncer_DUT/Q_reg_reg[27]

  Ref  DFF        Ref:/WORK/debouncer_2_sync/debouncer_DUT/Q_reg_reg[28]
  Impl DFF        Imp:/WORK/debouncer_2_sync/debouncer_DUT/Q_reg_reg[28]

  Ref  DFF        Ref:/WORK/debouncer_2_sync/debouncer_DUT/Q_reg_reg[29]
  Impl DFF        Imp:/WORK/debouncer_2_sync/debouncer_DUT/Q_reg_reg[29]

  Ref  DFF        Ref:/WORK/debouncer_2_sync/debouncer_DUT/Q_reg_reg[2]
  Impl DFF        Imp:/WORK/debouncer_2_sync/debouncer_DUT/Q_reg_reg[2]

  Ref  DFF        Ref:/WORK/debouncer_2_sync/debouncer_DUT/Q_reg_reg[30]
  Impl DFF        Imp:/WORK/debouncer_2_sync/debouncer_DUT/Q_reg_reg[30]

  Ref  DFF        Ref:/WORK/debouncer_2_sync/debouncer_DUT/Q_reg_reg[31]
  Impl DFF        Imp:/WORK/debouncer_2_sync/debouncer_DUT/Q_reg_reg[31]

  Ref  DFF        Ref:/WORK/debouncer_2_sync/debouncer_DUT/Q_reg_reg[32]
  Impl DFF        Imp:/WORK/debouncer_2_sync/debouncer_DUT/Q_reg_reg[32]

  Ref  DFF        Ref:/WORK/debouncer_2_sync/debouncer_DUT/Q_reg_reg[33]
  Impl DFF        Imp:/WORK/debouncer_2_sync/debouncer_DUT/Q_reg_reg[33]

  Ref  DFF        Ref:/WORK/debouncer_2_sync/debouncer_DUT/Q_reg_reg[34]
  Impl DFF        Imp:/WORK/debouncer_2_sync/debouncer_DUT/Q_reg_reg[34]

  Ref  DFF        Ref:/WORK/debouncer_2_sync/debouncer_DUT/Q_reg_reg[35]
  Impl DFF        Imp:/WORK/debouncer_2_sync/debouncer_DUT/Q_reg_reg[35]

  Ref  DFF        Ref:/WORK/debouncer_2_sync/debouncer_DUT/Q_reg_reg[36]
  Impl DFF        Imp:/WORK/debouncer_2_sync/debouncer_DUT/Q_reg_reg[36]

  Ref  DFF        Ref:/WORK/debouncer_2_sync/debouncer_DUT/Q_reg_reg[37]
  Impl DFF        Imp:/WORK/debouncer_2_sync/debouncer_DUT/Q_reg_reg[37]

  Ref  DFF        Ref:/WORK/debouncer_2_sync/debouncer_DUT/Q_reg_reg[38]
  Impl DFF        Imp:/WORK/debouncer_2_sync/debouncer_DUT/Q_reg_reg[38]

  Ref  DFF        Ref:/WORK/debouncer_2_sync/debouncer_DUT/Q_reg_reg[39]
  Impl DFF        Imp:/WORK/debouncer_2_sync/debouncer_DUT/Q_reg_reg[39]

  Ref  DFF        Ref:/WORK/debouncer_2_sync/debouncer_DUT/Q_reg_reg[3]
  Impl DFF        Imp:/WORK/debouncer_2_sync/debouncer_DUT/Q_reg_reg[3]

  Ref  DFF        Ref:/WORK/debouncer_2_sync/debouncer_DUT/Q_reg_reg[40]
  Impl DFF        Imp:/WORK/debouncer_2_sync/debouncer_DUT/Q_reg_reg[40]

  Ref  DFF        Ref:/WORK/debouncer_2_sync/debouncer_DUT/Q_reg_reg[41]
  Impl DFF        Imp:/WORK/debouncer_2_sync/debouncer_DUT/Q_reg_reg[41]

  Ref  DFF        Ref:/WORK/debouncer_2_sync/debouncer_DUT/Q_reg_reg[42]
  Impl DFF        Imp:/WORK/debouncer_2_sync/debouncer_DUT/Q_reg_reg[42]

  Ref  DFF        Ref:/WORK/debouncer_2_sync/debouncer_DUT/Q_reg_reg[43]
  Impl DFF        Imp:/WORK/debouncer_2_sync/debouncer_DUT/Q_reg_reg[43]

  Ref  DFF        Ref:/WORK/debouncer_2_sync/debouncer_DUT/Q_reg_reg[44]
  Impl DFF        Imp:/WORK/debouncer_2_sync/debouncer_DUT/Q_reg_reg[44]

  Ref  DFF        Ref:/WORK/debouncer_2_sync/debouncer_DUT/Q_reg_reg[45]
  Impl DFF        Imp:/WORK/debouncer_2_sync/debouncer_DUT/Q_reg_reg[45]

  Ref  DFF        Ref:/WORK/debouncer_2_sync/debouncer_DUT/Q_reg_reg[46]
  Impl DFF        Imp:/WORK/debouncer_2_sync/debouncer_DUT/Q_reg_reg[46]

  Ref  DFF        Ref:/WORK/debouncer_2_sync/debouncer_DUT/Q_reg_reg[47]
  Impl DFF        Imp:/WORK/debouncer_2_sync/debouncer_DUT/Q_reg_reg[47]

  Ref  DFF        Ref:/WORK/debouncer_2_sync/debouncer_DUT/Q_reg_reg[48]
  Impl DFF        Imp:/WORK/debouncer_2_sync/debouncer_DUT/Q_reg_reg[48]

  Ref  DFF        Ref:/WORK/debouncer_2_sync/debouncer_DUT/Q_reg_reg[49]
  Impl DFF        Imp:/WORK/debouncer_2_sync/debouncer_DUT/Q_reg_reg[49]

  Ref  DFF        Ref:/WORK/debouncer_2_sync/debouncer_DUT/Q_reg_reg[4]
  Impl DFF        Imp:/WORK/debouncer_2_sync/debouncer_DUT/Q_reg_reg[4]

  Ref  DFF        Ref:/WORK/debouncer_2_sync/debouncer_DUT/Q_reg_reg[50]
  Impl DFF        Imp:/WORK/debouncer_2_sync/debouncer_DUT/Q_reg_reg[50]

  Ref  DFF        Ref:/WORK/debouncer_2_sync/debouncer_DUT/Q_reg_reg[51]
  Impl DFF        Imp:/WORK/debouncer_2_sync/debouncer_DUT/Q_reg_reg[51]

  Ref  DFF        Ref:/WORK/debouncer_2_sync/debouncer_DUT/Q_reg_reg[52]
  Impl DFF        Imp:/WORK/debouncer_2_sync/debouncer_DUT/Q_reg_reg[52]

  Ref  DFF        Ref:/WORK/debouncer_2_sync/debouncer_DUT/Q_reg_reg[53]
  Impl DFF        Imp:/WORK/debouncer_2_sync/debouncer_DUT/Q_reg_reg[53]

  Ref  DFF        Ref:/WORK/debouncer_2_sync/debouncer_DUT/Q_reg_reg[54]
  Impl DFF        Imp:/WORK/debouncer_2_sync/debouncer_DUT/Q_reg_reg[54]

  Ref  DFF        Ref:/WORK/debouncer_2_sync/debouncer_DUT/Q_reg_reg[55]
  Impl DFF        Imp:/WORK/debouncer_2_sync/debouncer_DUT/Q_reg_reg[55]

  Ref  DFF        Ref:/WORK/debouncer_2_sync/debouncer_DUT/Q_reg_reg[56]
  Impl DFF        Imp:/WORK/debouncer_2_sync/debouncer_DUT/Q_reg_reg[56]

  Ref  DFF        Ref:/WORK/debouncer_2_sync/debouncer_DUT/Q_reg_reg[57]
  Impl DFF        Imp:/WORK/debouncer_2_sync/debouncer_DUT/Q_reg_reg[57]

  Ref  DFF        Ref:/WORK/debouncer_2_sync/debouncer_DUT/Q_reg_reg[58]
  Impl DFF        Imp:/WORK/debouncer_2_sync/debouncer_DUT/Q_reg_reg[58]

  Ref  DFF        Ref:/WORK/debouncer_2_sync/debouncer_DUT/Q_reg_reg[59]
  Impl DFF        Imp:/WORK/debouncer_2_sync/debouncer_DUT/Q_reg_reg[59]

  Ref  DFF        Ref:/WORK/debouncer_2_sync/debouncer_DUT/Q_reg_reg[5]
  Impl DFF        Imp:/WORK/debouncer_2_sync/debouncer_DUT/Q_reg_reg[5]

  Ref  DFF        Ref:/WORK/debouncer_2_sync/debouncer_DUT/Q_reg_reg[60]
  Impl DFF        Imp:/WORK/debouncer_2_sync/debouncer_DUT/Q_reg_reg[60]

  Ref  DFF        Ref:/WORK/debouncer_2_sync/debouncer_DUT/Q_reg_reg[61]
  Impl DFF        Imp:/WORK/debouncer_2_sync/debouncer_DUT/Q_reg_reg[61]

  Ref  DFF        Ref:/WORK/debouncer_2_sync/debouncer_DUT/Q_reg_reg[62]
  Impl DFF        Imp:/WORK/debouncer_2_sync/debouncer_DUT/Q_reg_reg[62]

  Ref  DFF        Ref:/WORK/debouncer_2_sync/debouncer_DUT/Q_reg_reg[63]
  Impl DFF        Imp:/WORK/debouncer_2_sync/debouncer_DUT/Q_reg_reg[63]

  Ref  DFF        Ref:/WORK/debouncer_2_sync/debouncer_DUT/Q_reg_reg[64]
  Impl DFF        Imp:/WORK/debouncer_2_sync/debouncer_DUT/Q_reg_reg[64]

  Ref  DFF        Ref:/WORK/debouncer_2_sync/debouncer_DUT/Q_reg_reg[65]
  Impl DFF        Imp:/WORK/debouncer_2_sync/debouncer_DUT/Q_reg_reg[65]

  Ref  DFF        Ref:/WORK/debouncer_2_sync/debouncer_DUT/Q_reg_reg[66]
  Impl DFF        Imp:/WORK/debouncer_2_sync/debouncer_DUT/Q_reg_reg[66]

  Ref  DFF        Ref:/WORK/debouncer_2_sync/debouncer_DUT/Q_reg_reg[67]
  Impl DFF        Imp:/WORK/debouncer_2_sync/debouncer_DUT/Q_reg_reg[67]

  Ref  DFF        Ref:/WORK/debouncer_2_sync/debouncer_DUT/Q_reg_reg[68]
  Impl DFF        Imp:/WORK/debouncer_2_sync/debouncer_DUT/Q_reg_reg[68]

  Ref  DFF        Ref:/WORK/debouncer_2_sync/debouncer_DUT/Q_reg_reg[69]
  Impl DFF        Imp:/WORK/debouncer_2_sync/debouncer_DUT/Q_reg_reg[69]

  Ref  DFF        Ref:/WORK/debouncer_2_sync/debouncer_DUT/Q_reg_reg[6]
  Impl DFF        Imp:/WORK/debouncer_2_sync/debouncer_DUT/Q_reg_reg[6]

  Ref  DFF        Ref:/WORK/debouncer_2_sync/debouncer_DUT/Q_reg_reg[70]
  Impl DFF        Imp:/WORK/debouncer_2_sync/debouncer_DUT/Q_reg_reg[70]

  Ref  DFF        Ref:/WORK/debouncer_2_sync/debouncer_DUT/Q_reg_reg[71]
  Impl DFF        Imp:/WORK/debouncer_2_sync/debouncer_DUT/Q_reg_reg[71]

  Ref  DFF        Ref:/WORK/debouncer_2_sync/debouncer_DUT/Q_reg_reg[72]
  Impl DFF        Imp:/WORK/debouncer_2_sync/debouncer_DUT/Q_reg_reg[72]

  Ref  DFF        Ref:/WORK/debouncer_2_sync/debouncer_DUT/Q_reg_reg[73]
  Impl DFF        Imp:/WORK/debouncer_2_sync/debouncer_DUT/Q_reg_reg[73]

  Ref  DFF        Ref:/WORK/debouncer_2_sync/debouncer_DUT/Q_reg_reg[74]
  Impl DFF        Imp:/WORK/debouncer_2_sync/debouncer_DUT/Q_reg_reg[74]

  Ref  DFF        Ref:/WORK/debouncer_2_sync/debouncer_DUT/Q_reg_reg[75]
  Impl DFF        Imp:/WORK/debouncer_2_sync/debouncer_DUT/Q_reg_reg[75]

  Ref  DFF        Ref:/WORK/debouncer_2_sync/debouncer_DUT/Q_reg_reg[76]
  Impl DFF        Imp:/WORK/debouncer_2_sync/debouncer_DUT/Q_reg_reg[76]

  Ref  DFF        Ref:/WORK/debouncer_2_sync/debouncer_DUT/Q_reg_reg[77]
  Impl DFF        Imp:/WORK/debouncer_2_sync/debouncer_DUT/Q_reg_reg[77]

  Ref  DFF        Ref:/WORK/debouncer_2_sync/debouncer_DUT/Q_reg_reg[78]
  Impl DFF        Imp:/WORK/debouncer_2_sync/debouncer_DUT/Q_reg_reg[78]

  Ref  DFF        Ref:/WORK/debouncer_2_sync/debouncer_DUT/Q_reg_reg[79]
  Impl DFF        Imp:/WORK/debouncer_2_sync/debouncer_DUT/Q_reg_reg[79]

  Ref  DFF        Ref:/WORK/debouncer_2_sync/debouncer_DUT/Q_reg_reg[7]
  Impl DFF        Imp:/WORK/debouncer_2_sync/debouncer_DUT/Q_reg_reg[7]

  Ref  DFF        Ref:/WORK/debouncer_2_sync/debouncer_DUT/Q_reg_reg[80]
  Impl DFF        Imp:/WORK/debouncer_2_sync/debouncer_DUT/Q_reg_reg[80]

  Ref  DFF        Ref:/WORK/debouncer_2_sync/debouncer_DUT/Q_reg_reg[81]
  Impl DFF        Imp:/WORK/debouncer_2_sync/debouncer_DUT/Q_reg_reg[81]

  Ref  DFF        Ref:/WORK/debouncer_2_sync/debouncer_DUT/Q_reg_reg[82]
  Impl DFF        Imp:/WORK/debouncer_2_sync/debouncer_DUT/Q_reg_reg[82]

  Ref  DFF        Ref:/WORK/debouncer_2_sync/debouncer_DUT/Q_reg_reg[83]
  Impl DFF        Imp:/WORK/debouncer_2_sync/debouncer_DUT/Q_reg_reg[83]

  Ref  DFF        Ref:/WORK/debouncer_2_sync/debouncer_DUT/Q_reg_reg[84]
  Impl DFF        Imp:/WORK/debouncer_2_sync/debouncer_DUT/Q_reg_reg[84]

  Ref  DFF        Ref:/WORK/debouncer_2_sync/debouncer_DUT/Q_reg_reg[85]
  Impl DFF        Imp:/WORK/debouncer_2_sync/debouncer_DUT/Q_reg_reg[85]

  Ref  DFF        Ref:/WORK/debouncer_2_sync/debouncer_DUT/Q_reg_reg[86]
  Impl DFF        Imp:/WORK/debouncer_2_sync/debouncer_DUT/Q_reg_reg[86]

  Ref  DFF        Ref:/WORK/debouncer_2_sync/debouncer_DUT/Q_reg_reg[87]
  Impl DFF        Imp:/WORK/debouncer_2_sync/debouncer_DUT/Q_reg_reg[87]

  Ref  DFF        Ref:/WORK/debouncer_2_sync/debouncer_DUT/Q_reg_reg[88]
  Impl DFF        Imp:/WORK/debouncer_2_sync/debouncer_DUT/Q_reg_reg[88]

  Ref  DFF        Ref:/WORK/debouncer_2_sync/debouncer_DUT/Q_reg_reg[89]
  Impl DFF        Imp:/WORK/debouncer_2_sync/debouncer_DUT/Q_reg_reg[89]

  Ref  DFF        Ref:/WORK/debouncer_2_sync/debouncer_DUT/Q_reg_reg[8]
  Impl DFF        Imp:/WORK/debouncer_2_sync/debouncer_DUT/Q_reg_reg[8]

  Ref  DFF        Ref:/WORK/debouncer_2_sync/debouncer_DUT/Q_reg_reg[90]
  Impl DFF        Imp:/WORK/debouncer_2_sync/debouncer_DUT/Q_reg_reg[90]

  Ref  DFF        Ref:/WORK/debouncer_2_sync/debouncer_DUT/Q_reg_reg[91]
  Impl DFF        Imp:/WORK/debouncer_2_sync/debouncer_DUT/Q_reg_reg[91]

  Ref  DFF        Ref:/WORK/debouncer_2_sync/debouncer_DUT/Q_reg_reg[92]
  Impl DFF        Imp:/WORK/debouncer_2_sync/debouncer_DUT/Q_reg_reg[92]

  Ref  DFF        Ref:/WORK/debouncer_2_sync/debouncer_DUT/Q_reg_reg[93]
  Impl DFF        Imp:/WORK/debouncer_2_sync/debouncer_DUT/Q_reg_reg[93]

  Ref  DFF        Ref:/WORK/debouncer_2_sync/debouncer_DUT/Q_reg_reg[94]
  Impl DFF        Imp:/WORK/debouncer_2_sync/debouncer_DUT/Q_reg_reg[94]

  Ref  DFF        Ref:/WORK/debouncer_2_sync/debouncer_DUT/Q_reg_reg[95]
  Impl DFF        Imp:/WORK/debouncer_2_sync/debouncer_DUT/Q_reg_reg[95]

  Ref  DFF        Ref:/WORK/debouncer_2_sync/debouncer_DUT/Q_reg_reg[96]
  Impl DFF        Imp:/WORK/debouncer_2_sync/debouncer_DUT/Q_reg_reg[96]

  Ref  DFF        Ref:/WORK/debouncer_2_sync/debouncer_DUT/Q_reg_reg[97]
  Impl DFF        Imp:/WORK/debouncer_2_sync/debouncer_DUT/Q_reg_reg[97]

  Ref  DFF        Ref:/WORK/debouncer_2_sync/debouncer_DUT/Q_reg_reg[98]
  Impl DFF        Imp:/WORK/debouncer_2_sync/debouncer_DUT/Q_reg_reg[98]

  Ref  DFF        Ref:/WORK/debouncer_2_sync/debouncer_DUT/Q_reg_reg[99]
  Impl DFF        Imp:/WORK/debouncer_2_sync/debouncer_DUT/Q_reg_reg[99]

  Ref  DFF        Ref:/WORK/debouncer_2_sync/debouncer_DUT/Q_reg_reg[9]
  Impl DFF        Imp:/WORK/debouncer_2_sync/debouncer_DUT/Q_reg_reg[9]

  Ref  DFF        Ref:/WORK/debouncer_2_sync/debouncer_DUT/debouncer_out_reg
  Impl DFF        Imp:/WORK/debouncer_2_sync/debouncer_DUT/debouncer_out_reg

  Ref  DFF        Ref:/WORK/debouncer_2_sync/sync_DUT/sync_reg_reg[0]
  Impl DFF        Imp:/WORK/debouncer_2_sync/sync_DUT/sync_reg_reg[0]

  Ref  DFF        Ref:/WORK/debouncer_2_sync/sync_DUT/sync_reg_reg[1]
  Impl DFF        Imp:/WORK/debouncer_2_sync/sync_DUT/sync_reg_reg[1]

  Ref  Port       Ref:/WORK/debouncer_2_sync/debouncer_out
  Impl Port       Imp:/WORK/debouncer_2_sync/debouncer_out

 [BBNet: multiply-driven net
  BBPin: black-box pin
  Cut:   cut-point
  DFF:   non-constant DFF register
  DFF0:  constant 0 DFF register
  DFF1:  constant 1 DFF register
  DFFX:  constant X DFF register
  DFF0X: constrained 0X DFF register
  DFF1X: constrained 1X DFF register
  LAT:   non-constant latch register
  LAT0:  constant 0 latch register
  LAT1:  constant 1 latch register
  LATX:  constant X latch register
  LAT0X: constrained 0X latch register
  LAT1X: constrained 1X latch register
  LATCG: clock-gating latch register
  TLA:   transparent latch register
  TLA0X: transparent constrained 0X latch register
  TLA1X: transparent constrained 1X latch register
  Loop:  cycle break point
  Port:  primary (top-level) port
  Und:   undriven signal cut-point
  Unk:   unknown signal cut-point]

1
